// Jest Snapshot v1, https://goo.gl/fbAQLP

exports[`Compare the snapshot of Admin Nav Bar 1`] = `
<div>
  <nav
    className="navbar navbar-expand-lg navbar navbar-dark bg-dark"
  >
    <a
      className="navbar-brand"
      href="#"
    >
      Dashboard
    </a>
    <button
      aria-controls="navbarNav"
      aria-expanded="false"
      aria-label="Toggle navigation"
      className="navbar-toggler"
      data-target="#navbarNav"
      data-toggle="collapse"
      type="button"
    >
      <span
        className="navbar-toggler-icon"
      />
    </button>
    <div
      className="collapse navbar-collapse"
      id="navbarNav"
    >
      <ul
        className="navbar-nav"
      >
        <li
          className="nav-item active"
        >
          <a
            className="nav-link"
            href="#"
          >
            Home 
          </a>
        </li>
        <li
          className="nav-item"
        >
          <a
            className="nav-link"
            href="#"
          >
            Logout
          </a>
        </li>
      </ul>
    </div>
  </nav>
</div>
`;

exports[`create a snapshot of Admin Nav Bar 1`] = `
<div>
  <nav
    className="navbar navbar-expand-lg navbar navbar-dark bg-dark"
  >
    <a
      className="navbar-brand"
      href="#"
    >
      Dashboard
    </a>
    <button
      aria-controls="navbarNav"
      aria-expanded="false"
      aria-label="Toggle navigation"
      className="navbar-toggler"
      data-target="#navbarNav"
      data-toggle="collapse"
      type="button"
    >
      <span
        className="navbar-toggler-icon"
      />
    </button>
    <div
      className="collapse navbar-collapse"
      id="navbarNav"
    >
      <ul
        className="navbar-nav"
      >
        <li
          className="nav-item active"
        >
          <a
            className="nav-link"
            href="#"
          >
            Home 
          </a>
        </li>
        <li
          className="nav-item"
        >
          <a
            className="nav-link"
            href="#"
          >
            Logout
          </a>
        </li>
      </ul>
    </div>
  </nav>
</div>
`;
