// Jest Snapshot v1, https://goo.gl/fbAQLP

exports[`matches snapshot 1`] = `
<div
  className="akila-payment"
>
  <div
    className="container"
  >
    <div
      className="img"
    >
      <div
        style={
          Object {
            "backgroundColor": "rgb(23, 24, 26, 0.3)",
          }
        }
      >
        <div
          className="akila-header"
          data-testid="nav-bar"
        >
          <nav
            className="akila-navbar"
          >
            <a
              className="akila-brand"
              href=""
            >
              
            </a>
            <input
              className="akila-hidden"
              id="nav"
              type="checkbox"
            />
            <label
              className="akila-nav-toggle"
              htmlFor="nav"
            >
              <span />
              <span />
              <span />
            </label>
            <div
              className="akila-wrapper"
            >
              <ul
                className="akila-menu"
              >
                <li
                  className="akila-menu-item"
                  hidden={false}
                >
                  <div
                    className="dropdown"
                  >
                    <a>
                      <svg
                        fill="currentColor"
                        height="1em"
                        stroke="currentColor"
                        strokeWidth="0"
                        style={
                          Object {
                            "color": undefined,
                          }
                        }
                        viewBox="0 0 1024 1024"
                        width="1em"
                        xmlns="http://www.w3.org/2000/svg"
                      >
                        <path
                          d="M884 256h-75c-5.1 0-9.9 2.5-12.9 6.6L512 654.2 227.9 262.6c-3-4.1-7.8-6.6-12.9-6.6h-75c-6.5 0-10.3 7.4-6.5 12.7l352.6 486.1c12.8 17.6 39 17.6 51.7 0l352.6-486.1c3.9-5.3.1-12.7-6.4-12.7z"
                        />
                      </svg>
                       REGISTRATIONS
                    </a>
                    <div
                      className="dropdown-content"
                    >
                      <br />
                      <a
                        href="/userReg"
                        onClick={[Function]}
                      >
                        <p>
                          Attendee Registration
                        </p>
                      </a>
                      <a
                        href="/"
                        onClick={[Function]}
                      >
                        <p>
                          researcher Registration
                        </p>
                      </a>
                      <a
                        href="/"
                        onClick={[Function]}
                      >
                        <p>
                          workshop presenter
                        </p>
                      </a>
                    </div>
                  </div>
                </li>
                <li
                  className="akila-menu-item"
                  onClick={[Function]}
                  style={
                    Object {
                      "backgroundColor": "#1b4d72",
                      "borderRadius": "10px",
                      "color": "rgb(63, 65, 69)",
                      "padding": "10px",
                    }
                  }
                >
                  <a
                    href=""
                  >
                    <svg
                      fill="currentColor"
                      height="1em"
                      stroke="currentColor"
                      strokeWidth="0"
                      style={
                        Object {
                          "color": undefined,
                        }
                      }
                      viewBox="0 0 1024 1024"
                      width="1em"
                      xmlns="http://www.w3.org/2000/svg"
                    >
                      <path
                        d="M858.5 763.6a374 374 0 0 0-80.6-119.5 375.63 375.63 0 0 0-119.5-80.6c-.4-.2-.8-.3-1.2-.5C719.5 518 760 444.7 760 362c0-137-111-248-248-248S264 225 264 362c0 82.7 40.5 156 102.8 201.1-.4.2-.8.3-1.2.5-44.8 18.9-85 46-119.5 80.6a375.63 375.63 0 0 0-80.6 119.5A371.7 371.7 0 0 0 136 901.8a8 8 0 0 0 8 8.2h60c4.4 0 7.9-3.5 8-7.8 2-77.2 33-149.5 87.8-204.3 56.7-56.7 132-87.9 212.2-87.9s155.5 31.2 212.2 87.9C779 752.7 810 825 812 902.2c.1 4.4 3.6 7.8 8 7.8h60a8 8 0 0 0 8-8.2c-1-47.8-10.9-94.3-29.5-138.2zM512 534c-45.9 0-89.1-17.9-121.6-50.4S340 407.9 340 362c0-45.9 17.9-89.1 50.4-121.6S466.1 190 512 190s89.1 17.9 121.6 50.4S684 316.1 684 362c0 45.9-17.9 89.1-50.4 121.6S557.9 534 512 534z"
                      />
                    </svg>
                     
                    hello  null | SIGN-OUT
                  </a>
                </li>
              </ul>
            </div>
          </nav>
        </div>
      </div>
      <div
        style={
          Object {
            "backgroundColor": "rgb(0, 0, 0, 0.5",
            "bottom": "0",
            "position": "relative",
            "width": "auto",
          }
        }
      >
        <p>
          "Imagination is more important than knowledge. For knowledge is limited, whereas imagination embraces the entire world, stimulating progress, giving birth to evolution."
        </p>
        <p>
          <b>
            â€” Albert Einstein
          </b>
           
        </p>
      </div>
    </div>
    <div
      className="payment"
    >
      <div
        style={
          Object {
            "margin": "0 auto",
            "width": "600px",
          }
        }
      >
        <h1>
          Lets finish setting you up..
        </h1>
        <div
          className=".center"
        >
          <p>
            Please select your user role before proceeding to the payment
          </p>
          <br />
          <div
            className="container"
          >
            <div
              onClick={[Function]}
              style={
                Object {
                  "background": "#301b3f",
                }
              }
            >
               
              <b>
                Attendee
              </b>
               
            </div>
            <div
              onClick={[Function]}
              style={
                Object {
                  "background": "white",
                  "color": "black",
                }
              }
            >
               
              <b>
                Research paper presenter
              </b>
               
            </div>
          </div>
          <div
            className="pay-info"
          >
            <hr />
            <div
              className="container"
            >
              <div>
                Your bill value is
              </div>
              <div>
                Rs 1000.00
              </div>
            </div>
            <hr />
            <input
              id=""
              name="cardName"
              type="text"
            />
            <label
              htmlFor="CardName"
            >
              Name on the card
            </label>
            <input
              id=""
              name="cardName"
              onChange={[Function]}
              type="text"
              value=""
            />
            <label
              htmlFor="CardName"
            >
              Card number
            </label>
            <div
              className="dates"
              style={
                Object {
                  "width": "100%",
                }
              }
            >
              <div
                className="container"
              >
                <div>
                  <div
                    className="container"
                  >
                    <input
                      id=""
                      name="cardName"
                      placeholder="MM"
                      type="text"
                    />
                    <input
                      id=""
                      name="cardName"
                      placeholder="YY"
                      type="text"
                    />
                  </div>
                </div>
                <div>
                  <input
                    id=""
                    name="cardName"
                    type="text"
                  />
                  <label
                    htmlFor="CardName"
                  >
                    CVV
                  </label>
                </div>
              </div>
            </div>
            <input
              id=""
              name="country"
              onChange={[Function]}
              placeholder="EX: LK/70100"
              type="text"
              value=""
            />
            <label
              htmlFor="CardName"
            >
              Country/ZIP code
            </label>
            <button>
              PAY
            </button>
          </div>
        </div>
      </div>
    </div>
  </div>
</div>
`;
